official list verified 1029 fd7f67051b817842f5795fae812b852efa8007f5478a286365a7236a6a790cd8
factored 100 elapsed 0.0012652873992919922
factored 200 elapsed 0.002934694290161133
factored 300 elapsed 0.004776477813720703
factored 400 elapsed 0.006908893585205078
factored 500 elapsed 0.009271383285522461
factored 600 elapsed 0.011756658554077148
factored 700 elapsed 0.015244483947753906
factored 800 elapsed 0.01824021339416504
factored 900 elapsed 0.03189706802368164
factored 1000 elapsed 0.035633087158203125
built - rows 59 elapsed 0.06602978706359863
built + rows 120 elapsed 0.08678579330444336
{
  "prime_count": 1029,
  "prime_list_sha256": "fd7f67051b817842f5795fae812b852efa8007f5478a286365a7236a6a790cd8",
  "global_rows": 120,
  "split_rows": 313,
  "xor_rank": 119,
  "free_variables": 910,
  "log2_group_order": 1003.7432018644148,
  "expected_random_solution_exponent": 25.2567981355852,
  "elapsed_seconds": 0.24886655807495117
}
